(-6 +10 -3 +8 +1 -11 -7 -12 -4 +9 +5 +13 +14 -2)
(-6 +4 +12 +7 +11 -1 -8 +3 -10 +9 +5 +13 +14 -2)
(-6 +4 +12 +2 -14 -13 -5 -9 +10 -3 +8 +1 -11 -7)
(-6 +4 +12 +2 -14 -13 -5 -7)(-10 +9 +11 -1 -8 +3)
(-6 +4 +12 +2 -14 -13 -5 -7)(+10 -11 -9)(+8 +1 -3)
(-6 +4 +12 +2 +13 +14 -5 -7)(+10 -11 -9)(+8 +1 -3)
(-6 +4 +12 +2 +13 +14 -5 -7)(+3 -9 +10 -11 -1 -8)
(-6 +4 +12 +2 +13 +14 -5 -7)(+8 -3)(-1 -9 +10 -11)
(-6 +4 +12 -3 +8 +2 +13 +14 -5 -7)(-1 -9 +10 -11)
(-6 +4 -8 +3 -12 +2 +13 +14 -5 -7)(-1 -9 +10 -11)
(-6 +4 -8 +3 -12 +2 +13 +10 -11 -1 -9 +14 -5 -7)
(-6 +4 -8 +3 -12 +9 +1 +11 -10 -13 -2 +14 -5 -7)
(-6 +4 -8 +3 -12 +13 +10 -11 -1 -9 -2 +14 -5 -7)
